SAMPLE 2026-08-11T08:58:08Z
REQ_3M 22
JSONERR_3M 2
MISMATCH_3M 0
HTTPERR_3M 0
FAILED_3M 0
STATE PROGRESS {'translation': 32, 'progress': 17}
TRANSLATED 0 3941
SUGGESTIONS 0
---
SAMPLE 2026-08-11T09:01:42Z
REQ_3M 37
JSONERR_3M 2
MISMATCH_3M 18
HTTPERR_3M 0
FAILED_3M 0
STATE PROGRESS {'translation': 32, 'progress': 23}
TRANSLATED 0 3941
SUGGESTIONS 0
---
SAMPLE 2026-08-11T09:05:37Z
REQ_3M 31
JSONERR_3M 10
MISMATCH_3M 8
HTTPERR_3M 0
FAILED_3M 0
STATE PROGRESS {'translation': 32, 'progress': 27}
TRANSLATED 0 3941
SUGGESTIONS 0
---
SAMPLE 2026-08-11T09:06:01Z
REQ_3M 29
JSONERR_3M 10
MISMATCH_3M 6
HTTPERR_3M 0
FAILED_3M 0
STATE PROGRESS {'translation': 32, 'progress': 28}
TRANSLATED 0 3941
SUGGESTIONS 0
COST_USD_DAILY 0.90207779
---
SAMPLE 2026-08-11T09:09:36Z
REQ_3M 26
JSONERR_3M 8
MISMATCH_3M 4
HTTPERR_3M 0
FAILED_3M 0
STATE PROGRESS {'translation': 32, 'progress': 32}
TRANSLATED 0 3941
SUGGESTIONS 0
COST_USD_DAILY 1.01352435
---
SAMPLE 2026-08-11T09:13:35Z
REQ_3M 23
JSONERR_3M 4
MISMATCH_3M 4
HTTPERR_3M 0
FAILED_3M 0
STATE PROGRESS {'translation': 32, 'progress': 37}
TRANSLATED 0 3941
SUGGESTIONS 0
COST_USD_DAILY 1.18097569
---
SAMPLE 2026-08-11T09:17:05Z
REQ_3M 30
JSONERR_3M 6
MISMATCH_3M 10
HTTPERR_3M 0
FAILED_3M 0
STATE PROGRESS {'translation': 32, 'progress': 41}
TRANSLATED 0 3941
SUGGESTIONS 0
COST_USD_DAILY 1.31586535
---
SAMPLE 2026-08-11T09:20:11Z
REQ_3M 28
JSONERR_3M 2
MISMATCH_3M 4
HTTPERR_3M 0
FAILED_3M 0
STATE PROGRESS {'translation': 32, 'progress': 46}
TRANSLATED 0 3941
SUGGESTIONS 0
COST_USD_DAILY 1.4685006
---
SAMPLE 2026-08-11T09:23:15Z
REQ_3M 18
JSONERR_3M 2
MISMATCH_3M 4
HTTPERR_3M 0
FAILED_3M 0
STATE SUCCESS {'warnings': [], 'translation': 32, 'message': 'Автоматический перевод завершён, 3941 строка была обновлена.'}
TRANSLATED 3941 3941
SUGGESTIONS 0
COST_USD_DAILY 1.55634315
---
TASK SETTLED
