SAMPLE 2026-08-31T12:28:39Z
UNITS_TOTAL 688
JUDGED 145
PENDING 543
PASS 135
MINOR 6
FLAG 6
REJECT 4
UNPARSED 0
STALE 0
ESCALATED 0
RUN_STATUS Running
RUN_STARTED 31 августа 2026 г. 12:15
RUN_FINISHED -
OUT_Matched 0
OUT_Checked 0
OUT_Cached 0
OUT_Пропущено 0
OUT_Repaired 0
OUT_Rolled_back 0
OUT_Minor_noted 0
OUT_Major_not_fixed 0
OUT_Critical_held 0
OUT_Unparsed 0
OUT_Stale_conflict 0
OUT_Accepted_as_is 0
OUT_Escalated 0
---
SAMPLE 2026-08-31T12:31:36Z
UNITS_TOTAL 688
JUDGED 175
PENDING 513
PASS_INCL_MINOR 163
CLEAN 156
MINOR 7
FLAG 8
REJECT 4
UNPARSED 0
STALE 0
ESCALATED 0
RUN_STATUS Running
RUN_STARTED 31 августа 2026 г. 12:15
RUN_FINISHED -
OUT_Matched 0
OUT_Checked 0
OUT_Cached 0
OUT_Пропущено 0
OUT_Repaired 0
OUT_Rolled_back 0
OUT_Minor_noted 0
OUT_Major_not_fixed 0
OUT_Critical_held 0
OUT_Unparsed 0
OUT_Stale_conflict 0
OUT_Accepted_as_is 0
OUT_Escalated 0
---
SAMPLE 2026-08-31T12:36:40Z
UNITS_TOTAL 688
JUDGED 245
PENDING 443
PASS_INCL_MINOR 233
CLEAN 221
MINOR 12
FLAG 8
REJECT 4
UNPARSED 0
STALE 0
ESCALATED 0
RUN_STATUS Running
RUN_STARTED 31 августа 2026 г. 12:15
RUN_FINISHED -
OUT_Matched 0
OUT_Checked 0
OUT_Cached 0
OUT_Пропущено 0
OUT_Repaired 0
OUT_Rolled_back 0
OUT_Minor_noted 0
OUT_Major_not_fixed 0
OUT_Critical_held 0
OUT_Unparsed 0
OUT_Stale_conflict 0
OUT_Accepted_as_is 0
OUT_Escalated 0
---
SAMPLE 2026-08-31T12:41:41Z
UNITS_TOTAL 688
JUDGED 295
PENDING 393
PASS_INCL_MINOR 278
CLEAN 265
MINOR 13
FLAG 10
REJECT 7
UNPARSED 0
STALE 0
ESCALATED 0
RUN_STATUS Running
RUN_STARTED 31 августа 2026 г. 12:15
RUN_FINISHED -
OUT_Matched 0
OUT_Checked 0
OUT_Cached 0
OUT_Пропущено 0
OUT_Repaired 0
OUT_Rolled_back 0
OUT_Minor_noted 0
OUT_Major_not_fixed 0
OUT_Critical_held 0
OUT_Unparsed 0
OUT_Stale_conflict 0
OUT_Accepted_as_is 0
OUT_Escalated 0
---
SAMPLE 2026-08-31T12:46:44Z
UNITS_TOTAL 688
JUDGED 330
PENDING 353
PASS_INCL_MINOR 307
CLEAN 290
MINOR 17
FLAG 16
REJECT 8
UNPARSED 0
STALE 0
ESCALATED 0
RUN_STATUS Running
RUN_STARTED 31 августа 2026 г. 12:15
RUN_FINISHED -
OUT_Matched 0
OUT_Checked 0
OUT_Cached 0
OUT_Пропущено 0
OUT_Repaired 0
OUT_Rolled_back 0
OUT_Minor_noted 0
OUT_Major_not_fixed 0
OUT_Critical_held 0
OUT_Unparsed 0
OUT_Stale_conflict 0
OUT_Accepted_as_is 0
OUT_Escalated 0
---
SAMPLE 2026-08-31T12:51:47Z
UNITS_TOTAL 688
JUDGED 370
PENDING 318
PASS_INCL_MINOR 344
CLEAN 321
MINOR 23
FLAG 17
REJECT 9
UNPARSED 0
STALE 0
ESCALATED 0
RUN_STATUS Running
RUN_STARTED 31 августа 2026 г. 12:15
RUN_FINISHED -
OUT_Matched 0
OUT_Checked 0
OUT_Cached 0
OUT_Пропущено 0
OUT_Repaired 0
OUT_Rolled_back 0
OUT_Minor_noted 0
OUT_Major_not_fixed 0
OUT_Critical_held 0
OUT_Unparsed 0
OUT_Stale_conflict 0
OUT_Accepted_as_is 0
OUT_Escalated 0
---
SAMPLE 2026-08-31T12:56:49Z
UNITS_TOTAL 688
JUDGED 415
PENDING 273
PASS_INCL_MINOR 382
CLEAN 355
MINOR 27
FLAG 22
REJECT 11
UNPARSED 0
STALE 0
ESCALATED 0
RUN_STATUS Running
RUN_STARTED 31 августа 2026 г. 12:15
RUN_FINISHED -
OUT_Matched 0
OUT_Checked 0
OUT_Cached 0
OUT_Пропущено 0
OUT_Repaired 0
OUT_Rolled_back 0
OUT_Minor_noted 0
OUT_Major_not_fixed 0
OUT_Critical_held 0
OUT_Unparsed 0
OUT_Stale_conflict 0
OUT_Accepted_as_is 0
OUT_Escalated 0
---
SAMPLE 2026-08-31T13:01:51Z
UNITS_TOTAL 688
JUDGED 465
PENDING 223
PASS_INCL_MINOR 431
CLEAN 399
MINOR 32
FLAG 23
REJECT 11
UNPARSED 0
STALE 0
ESCALATED 0
RUN_STATUS Running
RUN_STARTED 31 августа 2026 г. 12:15
RUN_FINISHED -
OUT_Matched 0
OUT_Checked 0
OUT_Cached 0
OUT_Пропущено 0
OUT_Repaired 0
OUT_Rolled_back 0
OUT_Minor_noted 0
OUT_Major_not_fixed 0
OUT_Critical_held 0
OUT_Unparsed 0
OUT_Stale_conflict 0
OUT_Accepted_as_is 0
OUT_Escalated 0
---
SAMPLE 2026-08-31T13:06:54Z
UNITS_TOTAL 688
JUDGED 525
PENDING 163
PASS_INCL_MINOR 485
CLEAN 453
MINOR 32
FLAG 27
REJECT 13
UNPARSED 0
STALE 0
ESCALATED 0
RUN_STATUS Running
RUN_STARTED 31 августа 2026 г. 12:15
RUN_FINISHED -
OUT_Matched 0
OUT_Checked 0
OUT_Cached 0
OUT_Пропущено 0
OUT_Repaired 0
OUT_Rolled_back 0
OUT_Minor_noted 0
OUT_Major_not_fixed 0
OUT_Critical_held 0
OUT_Unparsed 0
OUT_Stale_conflict 0
OUT_Accepted_as_is 0
OUT_Escalated 0
---
SAMPLE 2026-08-31T13:11:56Z
UNITS_TOTAL 688
JUDGED 580
PENDING 108
PASS_INCL_MINOR 537
CLEAN 503
MINOR 34
FLAG 30
REJECT 13
UNPARSED 0
STALE 0
ESCALATED 0
RUN_STATUS Running
RUN_STARTED 31 августа 2026 г. 12:15
RUN_FINISHED -
OUT_Matched 0
OUT_Checked 0
OUT_Cached 0
OUT_Пропущено 0
OUT_Repaired 0
OUT_Rolled_back 0
OUT_Minor_noted 0
OUT_Major_not_fixed 0
OUT_Critical_held 0
OUT_Unparsed 0
OUT_Stale_conflict 0
OUT_Accepted_as_is 0
OUT_Escalated 0
---
SAMPLE 2026-08-31T13:16:58Z
UNITS_TOTAL 688
JUDGED 620
PENDING 68
PASS_INCL_MINOR 575
CLEAN 537
MINOR 38
FLAG 31
REJECT 14
UNPARSED 0
STALE 0
ESCALATED 0
RUN_STATUS Running
RUN_STARTED 31 августа 2026 г. 12:15
RUN_FINISHED -
OUT_Matched 0
OUT_Checked 0
OUT_Cached 0
OUT_Пропущено 0
OUT_Repaired 0
OUT_Rolled_back 0
OUT_Minor_noted 0
OUT_Major_not_fixed 0
OUT_Critical_held 0
OUT_Unparsed 0
OUT_Stale_conflict 0
OUT_Accepted_as_is 0
OUT_Escalated 0
---
SAMPLE 2026-08-31T13:22:00Z
UNITS_TOTAL 688
JUDGED 670
PENDING 18
PASS_INCL_MINOR 623
CLEAN 583
MINOR 40
FLAG 32
REJECT 15
UNPARSED 0
STALE 0
ESCALATED 0
RUN_STATUS Running
RUN_STARTED 31 августа 2026 г. 12:15
RUN_FINISHED -
OUT_Matched 0
OUT_Checked 0
OUT_Cached 0
OUT_Пропущено 0
OUT_Repaired 0
OUT_Rolled_back 0
OUT_Minor_noted 0
OUT_Major_not_fixed 0
OUT_Critical_held 0
OUT_Unparsed 0
OUT_Stale_conflict 0
OUT_Accepted_as_is 0
OUT_Escalated 0
---
SAMPLE 2026-08-31T13:27:03Z
UNITS_TOTAL 688
JUDGED 688
PENDING 0
PASS_INCL_MINOR 620
CLEAN 574
MINOR 46
FLAG 48
REJECT 20
UNPARSED 0
STALE 0
ESCALATED 0
RUN_STATUS Running
RUN_STARTED 31 августа 2026 г. 12:15
RUN_FINISHED -
OUT_Matched 0
OUT_Checked 0
OUT_Cached 0
OUT_Пропущено 0
OUT_Repaired 0
OUT_Rolled_back 0
OUT_Minor_noted 0
OUT_Major_not_fixed 0
OUT_Critical_held 0
OUT_Unparsed 0
OUT_Stale_conflict 0
OUT_Accepted_as_is 0
OUT_Escalated 0
---
SAMPLE 2026-08-31T13:32:06Z
UNITS_TOTAL 688
JUDGED 688
PENDING 0
PASS_INCL_MINOR 606
CLEAN 558
MINOR 48
FLAG 58
REJECT 24
UNPARSED 0
STALE 0
ESCALATED 0
RUN_STATUS Running
RUN_STARTED 31 августа 2026 г. 12:15
RUN_FINISHED -
OUT_Matched 0
OUT_Checked 0
OUT_Cached 0
OUT_Пропущено 0
OUT_Repaired 0
OUT_Rolled_back 0
OUT_Minor_noted 0
OUT_Major_not_fixed 0
OUT_Critical_held 0
OUT_Unparsed 0
OUT_Stale_conflict 0
OUT_Accepted_as_is 0
OUT_Escalated 0
---
SAMPLE 2026-08-31T13:37:08Z
UNITS_TOTAL 688
JUDGED 688
PENDING 0
PASS_INCL_MINOR 597
CLEAN 547
MINOR 50
FLAG 64
REJECT 27
UNPARSED 0
STALE 0
ESCALATED 0
RUN_STATUS Running
RUN_STARTED 31 августа 2026 г. 12:15
RUN_FINISHED -
OUT_Matched 0
OUT_Checked 0
OUT_Cached 0
OUT_Пропущено 0
OUT_Repaired 0
OUT_Rolled_back 0
OUT_Minor_noted 0
OUT_Major_not_fixed 0
OUT_Critical_held 0
OUT_Unparsed 0
OUT_Stale_conflict 0
OUT_Accepted_as_is 0
OUT_Escalated 0
---
SAMPLE 2026-08-31T13:42:11Z
UNITS_TOTAL 688
JUDGED 688
PENDING 0
PASS_INCL_MINOR 594
CLEAN 541
MINOR 53
FLAG 66
REJECT 28
UNPARSED 0
STALE 0
ESCALATED 0
RUN_STATUS Running
RUN_STARTED 31 августа 2026 г. 12:15
RUN_FINISHED -
OUT_Matched 0
OUT_Checked 0
OUT_Cached 0
OUT_Пропущено 0
OUT_Repaired 0
OUT_Rolled_back 0
OUT_Minor_noted 0
OUT_Major_not_fixed 0
OUT_Critical_held 0
OUT_Unparsed 0
OUT_Stale_conflict 0
OUT_Accepted_as_is 0
OUT_Escalated 0
---
SAMPLE 2026-08-31T13:47:13Z
UNITS_TOTAL 688
JUDGED 688
PENDING 0
PASS_INCL_MINOR 588
CLEAN 534
MINOR 54
FLAG 71
REJECT 29
UNPARSED 0
STALE 0
ESCALATED 0
RUN_STATUS Running
RUN_STARTED 31 августа 2026 г. 12:15
RUN_FINISHED -
OUT_Matched 0
OUT_Checked 0
OUT_Cached 0
OUT_Пропущено 0
OUT_Repaired 0
OUT_Rolled_back 0
OUT_Minor_noted 0
OUT_Major_not_fixed 0
OUT_Critical_held 0
OUT_Unparsed 0
OUT_Stale_conflict 0
OUT_Accepted_as_is 0
OUT_Escalated 0
---
SAMPLE 2026-08-31T13:52:17Z
UNITS_TOTAL 688
JUDGED 688
PENDING 0
PASS_INCL_MINOR 573
CLEAN 515
MINOR 58
FLAG 79
REJECT 36
UNPARSED 0
STALE 0
ESCALATED 0
RUN_STATUS Running
RUN_STARTED 31 августа 2026 г. 12:15
RUN_FINISHED -
OUT_Matched 0
OUT_Checked 0
OUT_Cached 0
OUT_Пропущено 0
OUT_Repaired 0
OUT_Rolled_back 0
OUT_Minor_noted 0
OUT_Major_not_fixed 0
OUT_Critical_held 0
OUT_Unparsed 0
OUT_Stale_conflict 0
OUT_Accepted_as_is 0
OUT_Escalated 0
---
SAMPLE 2026-08-31T13:57:20Z
UNITS_TOTAL 688
JUDGED 688
PENDING 0
PASS_INCL_MINOR 563
CLEAN 507
MINOR 56
FLAG 89
REJECT 36
UNPARSED 0
STALE 0
ESCALATED 0
RUN_STATUS Running
RUN_STARTED 31 августа 2026 г. 12:15
RUN_FINISHED -
OUT_Matched 0
OUT_Checked 0
OUT_Cached 0
OUT_Пропущено 0
OUT_Repaired 0
OUT_Rolled_back 0
OUT_Minor_noted 0
OUT_Major_not_fixed 0
OUT_Critical_held 0
OUT_Unparsed 0
OUT_Stale_conflict 0
OUT_Accepted_as_is 0
OUT_Escalated 0
---
SAMPLE 2026-08-31T14:02:22Z
UNITS_TOTAL 688
JUDGED 688
PENDING 0
PASS_INCL_MINOR 559
CLEAN 503
MINOR 56
FLAG 92
REJECT 37
UNPARSED 0
STALE 0
ESCALATED 0
RUN_STATUS Running
RUN_STARTED 31 августа 2026 г. 12:15
RUN_FINISHED -
OUT_Matched 0
OUT_Checked 0
OUT_Cached 0
OUT_Пропущено 0
OUT_Repaired 0
OUT_Rolled_back 0
OUT_Minor_noted 0
OUT_Major_not_fixed 0
OUT_Critical_held 0
OUT_Unparsed 0
OUT_Stale_conflict 0
OUT_Accepted_as_is 0
OUT_Escalated 0
---
SAMPLE 2026-08-31T14:07:24Z
UNITS_TOTAL 688
JUDGED 688
PENDING 0
PASS_INCL_MINOR 553
CLEAN 497
MINOR 56
FLAG 95
REJECT 40
UNPARSED 0
STALE 0
ESCALATED 0
RUN_STATUS Running
RUN_STARTED 31 августа 2026 г. 12:15
RUN_FINISHED -
OUT_Matched 0
OUT_Checked 0
OUT_Cached 0
OUT_Пропущено 0
OUT_Repaired 0
OUT_Rolled_back 0
OUT_Minor_noted 0
OUT_Major_not_fixed 0
OUT_Critical_held 0
OUT_Unparsed 0
OUT_Stale_conflict 0
OUT_Accepted_as_is 0
OUT_Escalated 0
---
SAMPLE 2026-08-31T14:09:17Z
UNITS_TOTAL 688
JUDGED 688
PENDING 0
PASS_INCL_MINOR 552
CLEAN 496
MINOR 56
FLAG 96
REJECT 40
UNPARSED 0
STALE 0
ESCALATED 0
RUN_STATUS Running
RUN_STARTED 31 августа 2026 г. 12:15
RUN_FINISHED -
OUT_Matched 0
OUT_Checked 0
OUT_Cached 0
OUT_Пропущено 0
OUT_Repaired 0
OUT_Rolled_back 0
OUT_Minor_noted 0
OUT_Major_not_fixed 0
OUT_Critical_held 0
OUT_Unparsed 0
OUT_Stale_conflict 0
OUT_Accepted_as_is 0
OUT_Escalated 0
---
SAMPLE 2026-08-31T14:14:19Z
UNITS_TOTAL 688
JUDGED 688
PENDING 0
PASS_INCL_MINOR 541
CLEAN 486
MINOR 55
FLAG 100
REJECT 48
UNPARSED 0
STALE 0
ESCALATED 0
RUN_STATUS Running
RUN_STARTED 31 августа 2026 г. 12:15
RUN_FINISHED -
OUT_Matched 0
OUT_Checked 0
OUT_Cached 0
OUT_Пропущено 0
OUT_Repaired 0
OUT_Rolled_back 0
OUT_Minor_noted 0
OUT_Major_not_fixed 0
OUT_Critical_held 0
OUT_Unparsed 0
OUT_Stale_conflict 0
OUT_Accepted_as_is 0
OUT_Escalated 0
---
SAMPLE 2026-08-31T14:19:22Z
UNITS_TOTAL 688
JUDGED 688
PENDING 0
PASS_INCL_MINOR 540
CLEAN 485
MINOR 55
FLAG 100
REJECT 48
UNPARSED 0
STALE 0
ESCALATED 0
RUN_STATUS Completed
RUN_STARTED 31 августа 2026 г. 12:15
RUN_FINISHED 31 августа 2026 г. 14:15
OUT_Matched 688
OUT_Checked 688
OUT_Cached 0
OUT_Пропущено 0
OUT_Repaired 0
OUT_Rolled_back 0
OUT_Minor_noted 55
OUT_Major_not_fixed 100
OUT_Critical_held 48
OUT_Unparsed 0
OUT_Stale_conflict 0
OUT_Accepted_as_is 0
OUT_Escalated 0
---
RUN SETTLED
